C51 COMPILER V9.59.0.0   RELAY                                                             08/11/2025 15:56:27 PAGE 1   


C51 COMPILER V9.59.0.0, COMPILATION OF MODULE RELAY
OBJECT MODULE PLACED IN .\Objects\relay.obj
COMPILER INVOKED BY: C:\Keil_v5\C51\BIN\C51.EXE relay.c OPTIMIZE(8,SPEED) BROWSE DEBUG OBJECTEXTEND PRINT(.\Listings\rel
                    -ay.lst) TABS(2) OBJECT(.\Objects\relay.obj)

line level    source

   1          #include <reg51.h>
   2          
   3          sbit relay = P2^0;
   4          sbit button = P2^2;
   5          
   6          void delay(unsigned int time)
   7          {
   8   1          unsigned int i, j;
   9   1          for (i = 0; i < time; i++)
  10   1          for (j = 0; j < 120; j++);
  11   1      }
  12          
  13          void main(void)
  14          {
  15   1        bit state = 0;
  16   1       relay = 1;      
  17   1        button = 1;     
  18   1      
  19   1          while (1)
  20   1          {
  21   2            if (button == 0)  
  22   2           {
  23   3              delay(20);          
  24   3             if (button == 0) {
  25   4              state = !state;         
  26   4               relay = !state;         
  27   4              while (button == 0);    
  28   4               delay(20);             
  29   4      }
  30   3      }
  31   2      }
  32   1      }


MODULE INFORMATION:   STATIC OVERLAYABLE
   CODE SIZE        =     70    ----
   CONSTANT SIZE    =   ----    ----
   XDATA SIZE       =   ----    ----
   PDATA SIZE       =   ----    ----
   DATA SIZE        =   ----    ----
   IDATA SIZE       =   ----    ----
   BIT SIZE         =   ----       1
END OF MODULE INFORMATION.


C51 COMPILATION COMPLETE.  0 WARNING(S),  0 ERROR(S)
